src/components/charts/IndonesiaMap.tsx(32,32): error TS6133: 'title' is declared but its value is never read.
src/pages/ExecutiveDashboard.tsx(6,5): error TS6133: 'TrendingDown' is declared but its value is never read.
src/pages/ExecutiveDashboard.tsx(8,5): error TS6133: 'Users' is declared but its value is never read.
src/pages/ExecutiveDashboard.tsx(12,5): error TS6133: 'Calendar' is declared but its value is never read.
src/pages/ExecutiveDashboard.tsx(17,10): error TS6133: 'LineChart' is declared but its value is never read.
src/pages/ExecutiveDashboard.tsx(17,38): error TS6133: 'ScatterPlot' is declared but its value is never read.
src/pages/ExecutiveDashboard.tsx(27,5): error TS6133: 'BarChart' is declared but its value is never read.
src/pages/ExecutiveDashboard.tsx(28,5): error TS6133: 'Bar' is declared but its value is never read.
src/pages/ExecutiveDashboard.tsx(40,5): error TS6133: 'last60DailyMetrics' is declared but its value is never read.
src/pages/ExecutiveDashboard.tsx(53,12): error TS6133: 'positiveTimeframe' is declared but its value is never read.
src/pages/ExecutiveDashboard.tsx(53,31): error TS6133: 'setPositiveTimeframe' is declared but its value is never read.
src/pages/ExecutiveDashboard.tsx(78,11): error TS6133: 'currentSummary' is declared but its value is never read.
src/pages/ExecutiveDashboard.tsx(238,11): error TS6133: 'transactionsComparison' is declared but its value is never read.
src/pages/ExecutiveDashboard.tsx(301,11): error TS6133: 'utilisationComparison' is declared but its value is never read.
src/pages/ExecutiveDashboard.tsx(328,11): error TS6133: 'transactionsTrendData' is declared but its value is never read.
src/pages/ExecutiveDashboard.tsx(353,11): error TS6133: 'utilisationTrendData' is declared but its value is never read.
src/pages/ExecutiveDashboard.tsx(487,11): error TS6133: 'transformationData' is declared but its value is never read.
